
icetime topological timing analysis report
==========================================

Report for critical path:
-------------------------

        lc40_11_2_1 (LogicCell40) [clk] -> lcout: 0.640 ns
     0.640 ns net_20847 (core_i.orbit_i.sunlight_SB_DFFESS_Q_D_SB_LUT4_O_I0_SB_LUT4_O_I0_SB_LUT4_O_I2[2])
        t2471 (LocalMux) I -> O: 0.330 ns
        inmux_11_1_22585_22618 (InMux) I -> O: 0.260 ns
        lc40_11_1_0 (LogicCell40) in1 -> lcout: 0.400 ns
     1.629 ns net_20770 (core_i.orbit_i.sunlight_SB_DFFESS_Q_D_SB_LUT4_O_I1_SB_LUT4_O_I2[0])
        t2467 (LocalMux) I -> O: 0.330 ns
        inmux_12_2_24876_24886 (InMux) I -> O: 0.260 ns
        lc40_12_2_0 (LogicCell40) in1 -> carryout: 0.260 ns
     2.478 ns t643
        lc40_12_2_1 (LogicCell40) carryin -> carryout: 0.126 ns
     2.604 ns t644
        lc40_12_2_2 (LogicCell40) carryin -> carryout: 0.126 ns
     2.730 ns t645
        lc40_12_2_3 (LogicCell40) carryin -> carryout: 0.126 ns
     2.856 ns t646
        lc40_12_2_4 (LogicCell40) carryin -> carryout: 0.126 ns
     2.983 ns t647
        lc40_12_2_5 (LogicCell40) carryin -> carryout: 0.126 ns
     3.109 ns t648
        lc40_12_2_6 (LogicCell40) carryin -> carryout: 0.126 ns
     3.235 ns t649
        lc40_12_2_7 (LogicCell40) carryin -> carryout: 0.126 ns
     3.361 ns net_24926 (core_i.orbit_i.sunlight_SB_DFFESS_Q_D_SB_LUT4_O_I2[7])
        t655 (ICE_CARRY_IN_MUX) carryinitin -> carryinitout: 0.196 ns
        lc40_12_3_0 (LogicCell40) carryin -> carryout: 0.126 ns
     3.684 ns t656
        lc40_12_3_1 (LogicCell40) carryin -> carryout: 0.126 ns
     3.810 ns t657
        lc40_12_3_2 (LogicCell40) carryin -> carryout: 0.126 ns
     3.936 ns t658
        lc40_12_3_3 (LogicCell40) carryin -> carryout: 0.126 ns
     4.063 ns t659
        lc40_12_3_4 (LogicCell40) carryin -> carryout: 0.126 ns
     4.189 ns t660
        lc40_12_3_5 (LogicCell40) carryin -> carryout: 0.126 ns
     4.315 ns t661
        lc40_12_3_6 (LogicCell40) carryin -> carryout: 0.126 ns
     4.441 ns t662
        lc40_12_3_7 (LogicCell40) carryin -> carryout: 0.126 ns
     4.568 ns net_25081 (core_i.orbit_i.sunlight_SB_DFFESS_Q_D_SB_LUT4_O_I2[15])
        t668 (ICE_CARRY_IN_MUX) carryinitin -> carryinitout: 0.196 ns
        lc40_12_4_0 (LogicCell40) carryin -> carryout: 0.126 ns
     4.890 ns t669
        lc40_12_4_1 (LogicCell40) carryin -> carryout: 0.126 ns
     5.016 ns t670
        lc40_12_4_2 (LogicCell40) carryin -> carryout: 0.126 ns
     5.143 ns t671
        lc40_12_4_3 (LogicCell40) carryin -> carryout: 0.126 ns
     5.269 ns t672
        lc40_12_4_4 (LogicCell40) carryin -> carryout: 0.126 ns
     5.395 ns t673
        lc40_12_4_5 (LogicCell40) carryin -> carryout: 0.126 ns
     5.521 ns t674
        lc40_12_4_6 (LogicCell40) carryin -> carryout: 0.126 ns
     5.648 ns t675
        lc40_12_4_7 (LogicCell40) carryin -> carryout: 0.126 ns
     5.774 ns net_25236 (core_i.orbit_i.sunlight_SB_DFFESS_Q_D_SB_LUT4_O_I2[23])
        t680 (ICE_CARRY_IN_MUX) carryinitin -> carryinitout: 0.196 ns
        lc40_12_5_0 (LogicCell40) carryin -> carryout: 0.126 ns
     6.096 ns t681
        lc40_12_5_1 (LogicCell40) carryin -> carryout: 0.126 ns
     6.223 ns t682
        lc40_12_5_2 (LogicCell40) carryin -> carryout: 0.126 ns
     6.349 ns t683
        lc40_12_5_3 (LogicCell40) carryin -> carryout: 0.126 ns
     6.475 ns t684
        lc40_12_5_4 (LogicCell40) carryin -> carryout: 0.126 ns
     6.601 ns t685
        lc40_12_5_5 (LogicCell40) carryin -> carryout: 0.126 ns
     6.728 ns net_25379 ($nextpnr_ICESTORM_LC_33$I3)
        inmux_12_5_25379_25389 (InMux) I -> O: 0.260 ns
        lc40_12_5_6 (LogicCell40) in3 -> lcout: 0.316 ns
     7.303 ns net_23081 (core_i.orbit_i.sunlight_SB_DFFESS_Q_D_SB_LUT4_O_I0[3])
        t2757 (LocalMux) I -> O: 0.330 ns
        inmux_11_6_23245_23284 (InMux) I -> O: 0.260 ns
        lc40_11_6_2 (LogicCell40) in0 -> lcout: 0.449 ns
     8.341 ns net_21292 (core_i.orbit_i.sunlight_SB_DFFESS_Q_D_SB_LUT4_O_I0[1])
        t2572 (LocalMux) I -> O: 0.330 ns
        inmux_11_6_23265_23311 (InMux) I -> O: 0.260 ns
     8.930 ns net_23311 (core_i.orbit_i.sunlight_SB_DFFESS_Q_D_SB_LUT4_O_I0[1])
        lc40_11_6_6 (LogicCell40) in3 [setup]: 0.217 ns
     9.147 ns net_21296 (core_i.sunlight)

Resolvable net names on path:
     0.640 ns ..  1.229 ns core_i.orbit_i.sunlight_SB_DFFESS_Q_D_SB_LUT4_O_I0_SB_LUT4_O_I0_SB_LUT4_O_I2[2]
     1.629 ns ..  2.218 ns core_i.orbit_i.sunlight_SB_DFFESS_Q_D_SB_LUT4_O_I1_SB_LUT4_O_I2[0]
     3.361 ns ..  3.558 ns core_i.orbit_i.sunlight_SB_DFFESS_Q_D_SB_LUT4_O_I2[7]
     4.568 ns ..  4.764 ns core_i.orbit_i.sunlight_SB_DFFESS_Q_D_SB_LUT4_O_I2[15]
     5.774 ns ..  5.970 ns core_i.orbit_i.sunlight_SB_DFFESS_Q_D_SB_LUT4_O_I2[23]
     6.728 ns ..  6.987 ns $nextpnr_ICESTORM_LC_33$I3
     7.303 ns ..  7.892 ns core_i.orbit_i.sunlight_SB_DFFESS_Q_D_SB_LUT4_O_I0[3]
     8.341 ns ..  8.930 ns core_i.orbit_i.sunlight_SB_DFFESS_Q_D_SB_LUT4_O_I0[1]
                  lcout -> core_i.sunlight

Total number of logic levels: 34
Total path delay: 9.15 ns (109.32 MHz)

